// Jest Snapshot v1, https://goo.gl/fbAQLP

exports[`integer 4 2 throws an error 1`] = `
"'integer' must be an integer.

   Line | Content
 >    1 | integer: 4 2
"
`;

exports[`integer 42,0 throws an error 1`] = `
"'integer' must be an integer.

   Line | Content
 >    1 | integer: 42,0
"
`;

exports[`integer 42.0 throws an error 1`] = `
"'integer' must be an integer.

   Line | Content
 >    1 | integer: 42.0
"
`;

exports[`integer fortytwo throws an error 1`] = `
"'integer' must be an integer.

   Line | Content
 >    1 | integer: fortytwo
"
`;
